To pass into ChatGPT for the extractor

0014 31MAR:
PS C:\Users\user\Desktop\Project> python .\delay_load_extract
or.py
LoadLibraryA call found at: 0x1019
  Loading library: b'lab1.dll'
GetProcAddress call found at: 0x1035
  Cannot resolve function name from register eax
GetProcAddress call found at: 0x17fe
  Cannot resolve function name from register dword ptr [ebp - 4]
GetProcAddress call found at: 0x44eb
Traceback (most recent call last):
  File ".\delay_load_extractor.py", line 113, in <module>
    find_loadlibrarya_getprocaddress_calls(file_path)
  File ".\delay_load_extractor.py", line 96, in find_loadlibrarya_getprocaddress_calls
    function_name_address = int(push_instruction.op_str, 16)
ValueError: invalid literal for int() with base 16: 'edi'